
> website@0.1.0 build
> next build

Γû▓ Next.js 16.2.1 (Turbopack)

  Creating an optimized production build ...
Γ£ô Compiled successfully in 1648ms
  Running TypeScript ...
  Finished TypeScript in 1631ms ...
  Collecting page data using 10 workers ...
  Generating static pages using 10 workers (0/9) ...
node.exe : ΓÜá metadataBase property in metadata export is not set for resolving social open graph or twitter images, using "http://localhost:3000". See https://nextjs.org/docs/app/api-reference/functions/generate-metadata#metadatabase
In Zeile:1 Zeichen:1
+ & "F:\Program Files\nodejs/node.exe" "F:\Program Files\nodejs/node_mo ...
+ ~~~~~~~~~~~~~~~~~~~~~~~~~~~~~~~~~~~~~~~~~~~~~~~~~~~~~~~~~~~~~~~~~~~~~
    + CategoryInfo          : NotSpecified: (ΓÜá metadataBas...ta#metadatabase:String) [], RemoteException
    + FullyQualifiedErrorId : NativeCommandError
 
  Generating static pages using 10 workers (2/9) 
  Generating static pages using 10 workers (4/9) 
  Generating static pages using 10 workers (6/9) 
Γ£ô Generating static pages using 10 workers (9/9) in 530ms
  Finalizing page optimization ...

Route (app)
Γöî Γùï /
Γö£ Γùï /_not-found
Γö£ Γùï /portfolio
Γö£ Γùï /purpose
Γö£ Γùï /robots.txt
Γö£ Γùï /services
Γöö Γùï /sitemap.xml


Γùï  (Static)  prerendered as static content

